BL51 BANKED LINKER/LOCATER V6.22.4.0                                                    05/09/2025  11:24:15  PAGE 1


BL51 BANKED LINKER/LOCATER V6.22.4.0, INVOKED BY:
C:\KEIL_V5\C51\BIN\BL51.EXE .\Objects\main.obj TO .\Objects\testAT89S52 PRINT (.\Listings\testAT89S52.m51) RAMSIZE (256)
>> 


INPUT MODULES INCLUDED:
  .\Objects\main.obj (MAIN)


LINK MAP OF MODULE:  .\Objects\testAT89S52 (MAIN)


            TYPE    BASE      LENGTH    RELOCATION   SEGMENT NAME
            -----------------------------------------------------

            * * * * * * *   D A T A   M E M O R Y   * * * * * * *
            REG     0000H     0008H     ABSOLUTE     "REG BANK 0"

            * * * * * * *   C O D E   M E M O R Y   * * * * * * *
            CODE    0000H     0092H     ABSOLUTE     



SYMBOL TABLE OF MODULE:  .\Objects\testAT89S52 (MAIN)

  VALUE           TYPE          NAME
  ----------------------------------

  -------         MODULE        MAIN
  C:0089H         SYMBOL        DELAY_20MS
  C:0079H         SYMBOL        DELAY_2MS
  C:0082H         SYMBOL        DELAY_5MS
  C:007BH         SYMBOL        DLY1
  C:007DH         SYMBOL        DLY2
  C:0019H         SYMBOL        HERE
  C:001BH         SYMBOL        INIT_LCD
  C:0057H         SYMBOL        LCD_CHAR
  C:0042H         SYMBOL        LCD_CMD
  C:0050H         SYMBOL        LCD_CMD_4BIT
  D:00A0H         SYMBOL        P2
  C:0069H         SYMBOL        SEND_NIBBLE
  D:0081H         SYMBOL        SP
  C:0000H         LINE#         3
  C:0003H         LINE#         5
  C:0005H         LINE#         8
  C:0007H         LINE#         9
  C:0009H         LINE#         10
  C:000BH         LINE#         11
  C:000DH         LINE#         12
  C:000FH         LINE#         13
  C:0011H         LINE#         14
  C:0013H         LINE#         15
  C:0015H         LINE#         16
  C:0017H         LINE#         17
  C:0019H         LINE#         19
  C:001BH         LINE#         25
  C:001DH         LINE#         27
  C:001FH         LINE#         28
BL51 BANKED LINKER/LOCATER V6.22.4.0                                                  05/09/2025  11:24:15  PAGE 2


  C:0021H         LINE#         29
  C:0023H         LINE#         30
  C:0025H         LINE#         31
  C:0027H         LINE#         32
  C:0029H         LINE#         33
  C:002BH         LINE#         35
  C:002DH         LINE#         36
  C:002FH         LINE#         37
  C:0031H         LINE#         38
  C:0033H         LINE#         39
  C:0035H         LINE#         40
  C:0037H         LINE#         41
  C:0039H         LINE#         42
  C:003BH         LINE#         43
  C:003DH         LINE#         44
  C:003FH         LINE#         45
  C:0041H         LINE#         46
  C:0042H         LINE#         52
  C:0043H         LINE#         53
  C:0044H         LINE#         54
  C:0046H         LINE#         55
  C:0048H         LINE#         56
  C:0049H         LINE#         57
  C:004BH         LINE#         58
  C:004DH         LINE#         59
  C:004FH         LINE#         60
  C:0050H         LINE#         66
  C:0052H         LINE#         67
  C:0054H         LINE#         68
  C:0056H         LINE#         69
  C:0057H         LINE#         75
  C:0059H         LINE#         76
  C:005BH         LINE#         77
  C:005CH         LINE#         78
  C:005DH         LINE#         79
  C:005FH         LINE#         80
  C:0061H         LINE#         81
  C:0062H         LINE#         82
  C:0064H         LINE#         83
  C:0066H         LINE#         84
  C:0068H         LINE#         85
  C:0069H         LINE#         91
  C:006BH         LINE#         92
  C:006DH         LINE#         93
  C:006FH         LINE#         94
  C:0071H         LINE#         95
  C:0073H         LINE#         96
  C:0075H         LINE#         97
  C:0076H         LINE#         98
  C:0078H         LINE#         99
  C:0079H         LINE#         105
  C:007BH         LINE#         106
  C:007DH         LINE#         107
  C:007FH         LINE#         108
  C:0081H         LINE#         109
  C:0082H         LINE#         113
  C:0084H         LINE#         114
BL51 BANKED LINKER/LOCATER V6.22.4.0                                                  05/09/2025  11:24:15  PAGE 3


  C:0086H         LINE#         115
  C:0088H         LINE#         116
  C:0089H         LINE#         120
  C:008BH         LINE#         121
  C:008DH         LINE#         122
  C:008FH         LINE#         123
  C:0091H         LINE#         124
  -------         ENDMOD        MAIN

Program Size: data=8.0 xdata=0 code=146
LINK/LOCATE RUN COMPLETE.  0 WARNING(S),  0 ERROR(S)
